MPLINK 5.08, LINKER
Linker Map File - Created Fri Aug 05 22:04:11 2016

                                 Section Info
                  Section       Type    Address   Location Size(Bytes)
                ---------  ---------  ---------  ---------  ---------
                   .org_0       code   0x000000    program   0x000004
                   .cinit    romdata   0x000004    program   0x000002
                   .org_1       code   0x000008    program   0x0002ea
                   .org_2       code   0x000300    program   0x000094
.config_300000_BUILD/DEFAULT/PRODUCTION/COINMAI    romdata   0x300000    program   0x000001
.config_300001_BUILD/DEFAULT/PRODUCTION/COINMAI    romdata   0x300001    program   0x000001
.config_300002_BUILD/DEFAULT/PRODUCTION/COINMAI    romdata   0x300002    program   0x000001
.config_300003_BUILD/DEFAULT/PRODUCTION/COINMAI    romdata   0x300003    program   0x000001
.config_300005_BUILD/DEFAULT/PRODUCTION/COINMAI    romdata   0x300005    program   0x000001
.config_300006_BUILD/DEFAULT/PRODUCTION/COINMAI    romdata   0x300006    program   0x000001
.config_300008_BUILD/DEFAULT/PRODUCTION/COINMAI    romdata   0x300008    program   0x000001
.config_300009_BUILD/DEFAULT/PRODUCTION/COINMAI    romdata   0x300009    program   0x000001
.config_30000A_BUILD/DEFAULT/PRODUCTION/COINMAI    romdata   0x30000a    program   0x000001
.config_30000B_BUILD/DEFAULT/PRODUCTION/COINMAI    romdata   0x30000b    program   0x000001
.config_30000C_BUILD/DEFAULT/PRODUCTION/COINMAI    romdata   0x30000c    program   0x000001
.config_30000D_BUILD/DEFAULT/PRODUCTION/COINMAI    romdata   0x30000d    program   0x000001



                              Program Memory Usage 
                               Start         End      
                           ---------   ---------      
                            0x000000    0x000005      
                            0x000008    0x0002f1      
                            0x000300    0x000393      
                            0x300000    0x300003      
                            0x300005    0x300006      
                            0x300008    0x30000d      
            912 out of 33048 program addresses used, program memory utilization is 2%



                              Symbols - Sorted by Name
                     Name    Address   Location    Storage File                     
                ---------  ---------  ---------  --------- ---------                
                   CCPISR   0x000292    program     static C:\Users\Julian Santos\MPLABXProjects\CoinAcceptorASM.X\CoinMain.asm
                     LCD1   0x00026e    program     static C:\Users\Julian Santos\MPLABXProjects\CoinAcceptorASM.X\CoinMain.asm
                  LCDBank   0x000240    program     static C:\Users\Julian Santos\MPLABXProjects\CoinAcceptorASM.X\CoinMain.asm
                 LCDCover   0x0001fe    program     static C:\Users\Julian Santos\MPLABXProjects\CoinAcceptorASM.X\CoinMain.asm
               LCDInsertC   0x000210    program     static C:\Users\Julian Santos\MPLABXProjects\CoinAcceptorASM.X\CoinMain.asm
              LCDNInsertC   0x000228    program     static C:\Users\Julian Santos\MPLABXProjects\CoinAcceptorASM.X\CoinMain.asm
                LEDsGreen   0x000192    program     static C:\Users\Julian Santos\MPLABXProjects\CoinAcceptorASM.X\CoinMain.asm
                  LEDsRed   0x000184    program     static C:\Users\Julian Santos\MPLABXProjects\CoinAcceptorASM.X\CoinMain.asm
                     S200   0x0002bc    program     static C:\Users\Julian Santos\MPLABXProjects\CoinAcceptorASM.X\CoinMain.asm
                     S500   0x0002ac    program     static C:\Users\Julian Santos\MPLABXProjects\CoinAcceptorASM.X\CoinMain.asm
               choosebank   0x000036    program     static C:\Users\Julian Santos\MPLABXProjects\CoinAcceptorASM.X\CoinMain.asm
                  command   0x0001aa    program     static C:\Users\Julian Santos\MPLABXProjects\CoinAcceptorASM.X\CoinMain.asm
                   ctrlcd   0x000300    program     static C:\Users\Julian Santos\MPLABXProjects\CoinAcceptorASM.X\CoinMain.asm
                       d0   0x0002d6    program     static C:\Users\Julian Santos\MPLABXProjects\CoinAcceptorASM.X\CoinMain.asm
                       d1   0x0002dc    program     static C:\Users\Julian Santos\MPLABXProjects\CoinAcceptorASM.X\CoinMain.asm
                       d2   0x0002e8    program     static C:\Users\Julian Santos\MPLABXProjects\CoinAcceptorASM.X\CoinMain.asm
                delay10ms   0x0002d2    program     static C:\Users\Julian Santos\MPLABXProjects\CoinAcceptorASM.X\CoinMain.asm
                delayW0ms   0x0002e6    program     static C:\Users\Julian Santos\MPLABXProjects\CoinAcceptorASM.X\CoinMain.asm
                   dirnum   0x000118    program     static C:\Users\Julian Santos\MPLABXProjects\CoinAcceptorASM.X\CoinMain.asm
              enablepulse   0x0001a2    program     static C:\Users\Julian Santos\MPLABXProjects\CoinAcceptorASM.X\CoinMain.asm
                 greater9   0x000060    program     static C:\Users\Julian Santos\MPLABXProjects\CoinAcceptorASM.X\CoinMain.asm
                greater9t   0x0000ea    program     static C:\Users\Julian Santos\MPLABXProjects\CoinAcceptorASM.X\CoinMain.asm
                  initccp   0x00027c    program     static C:\Users\Julian Santos\MPLABXProjects\CoinAcceptorASM.X\CoinMain.asm
         initialconfigLCD   0x0001ea    program     static C:\Users\Julian Santos\MPLABXProjects\CoinAcceptorASM.X\CoinMain.asm
                     main   0x00000c    program     static C:\Users\Julian Santos\MPLABXProjects\CoinAcceptorASM.X\CoinMain.asm
              mainInsertC   0x000020    program     static C:\Users\Julian Santos\MPLABXProjects\CoinAcceptorASM.X\CoinMain.asm
                     msg1   0x000306    program     static C:\Users\Julian Santos\MPLABXProjects\CoinAcceptorASM.X\CoinMain.asm
                     msg2   0x00031c    program     static C:\Users\Julian Santos\MPLABXProjects\CoinAcceptorASM.X\CoinMain.asm
                     msg3   0x000332    program     static C:\Users\Julian Santos\MPLABXProjects\CoinAcceptorASM.X\CoinMain.asm
                     msg4   0x000348    program     static C:\Users\Julian Santos\MPLABXProjects\CoinAcceptorASM.X\CoinMain.asm
                     msg5   0x00035e    program     static C:\Users\Julian Santos\MPLABXProjects\CoinAcceptorASM.X\CoinMain.asm
                     msg6   0x000374    program     static C:\Users\Julian Santos\MPLABXProjects\CoinAcceptorASM.X\CoinMain.asm
                    ncoin   0x00038a    program     static C:\Users\Julian Santos\MPLABXProjects\CoinAcceptorASM.X\CoinMain.asm
                    pdata   0x0001ba    program     static C:\Users\Julian Santos\MPLABXProjects\CoinAcceptorASM.X\CoinMain.asm
                    read1   0x000160    program     static C:\Users\Julian Santos\MPLABXProjects\CoinAcceptorASM.X\CoinMain.asm
                    read2   0x000146    program     static C:\Users\Julian Santos\MPLABXProjects\CoinAcceptorASM.X\CoinMain.asm
               readbutton   0x000126    program     static C:\Users\Julian Santos\MPLABXProjects\CoinAcceptorASM.X\CoinMain.asm
                      rr1   0x000176    program     static C:\Users\Julian Santos\MPLABXProjects\CoinAcceptorASM.X\CoinMain.asm
                      se1   0x000058    program     static C:\Users\Julian Santos\MPLABXProjects\CoinAcceptorASM.X\CoinMain.asm
                     sep1   0x0000e2    program     static C:\Users\Julian Santos\MPLABXProjects\CoinAcceptorASM.X\CoinMain.asm
                separateC   0x000050    program     static C:\Users\Julian Santos\MPLABXProjects\CoinAcceptorASM.X\CoinMain.asm
                separateT   0x0000da    program     static C:\Users\Julian Santos\MPLABXProjects\CoinAcceptorASM.X\CoinMain.asm
                     set1   0x0001dc    program     static C:\Users\Julian Santos\MPLABXProjects\CoinAcceptorASM.X\CoinMain.asm
                 setLCDup   0x0001ca    program     static C:\Users\Julian Santos\MPLABXProjects\CoinAcceptorASM.X\CoinMain.asm
                setbutton   0x0002cc    program     static C:\Users\Julian Santos\MPLABXProjects\CoinAcceptorASM.X\CoinMain.asm
                    show1   0x00010e    program     static C:\Users\Julian Santos\MPLABXProjects\CoinAcceptorASM.X\CoinMain.asm
                showMoney   0x000068    program     static C:\Users\Julian Santos\MPLABXProjects\CoinAcceptorASM.X\CoinMain.asm
                    showd   0x0000f2    program     static C:\Users\Julian Santos\MPLABXProjects\CoinAcceptorASM.X\CoinMain.asm
                   showdt   0x0000f4    program     static C:\Users\Julian Santos\MPLABXProjects\CoinAcceptorASM.X\CoinMain.asm
                    showu   0x000100    program     static C:\Users\Julian Santos\MPLABXProjects\CoinAcceptorASM.X\CoinMain.asm
                   showut   0x000102    program     static C:\Users\Julian Santos\MPLABXProjects\CoinAcceptorASM.X\CoinMain.asm



                              Symbols - Sorted by Address
                     Name    Address   Location    Storage File                     
                ---------  ---------  ---------  --------- ---------                
                     main   0x00000c    program     static C:\Users\Julian Santos\MPLABXProjects\CoinAcceptorASM.X\CoinMain.asm
              mainInsertC   0x000020    program     static C:\Users\Julian Santos\MPLABXProjects\CoinAcceptorASM.X\CoinMain.asm
               choosebank   0x000036    program     static C:\Users\Julian Santos\MPLABXProjects\CoinAcceptorASM.X\CoinMain.asm
                separateC   0x000050    program     static C:\Users\Julian Santos\MPLABXProjects\CoinAcceptorASM.X\CoinMain.asm
                      se1   0x000058    program     static C:\Users\Julian Santos\MPLABXProjects\CoinAcceptorASM.X\CoinMain.asm
                 greater9   0x000060    program     static C:\Users\Julian Santos\MPLABXProjects\CoinAcceptorASM.X\CoinMain.asm
                showMoney   0x000068    program     static C:\Users\Julian Santos\MPLABXProjects\CoinAcceptorASM.X\CoinMain.asm
                separateT   0x0000da    program     static C:\Users\Julian Santos\MPLABXProjects\CoinAcceptorASM.X\CoinMain.asm
                     sep1   0x0000e2    program     static C:\Users\Julian Santos\MPLABXProjects\CoinAcceptorASM.X\CoinMain.asm
                greater9t   0x0000ea    program     static C:\Users\Julian Santos\MPLABXProjects\CoinAcceptorASM.X\CoinMain.asm
                    showd   0x0000f2    program     static C:\Users\Julian Santos\MPLABXProjects\CoinAcceptorASM.X\CoinMain.asm
                   showdt   0x0000f4    program     static C:\Users\Julian Santos\MPLABXProjects\CoinAcceptorASM.X\CoinMain.asm
                    showu   0x000100    program     static C:\Users\Julian Santos\MPLABXProjects\CoinAcceptorASM.X\CoinMain.asm
                   showut   0x000102    program     static C:\Users\Julian Santos\MPLABXProjects\CoinAcceptorASM.X\CoinMain.asm
                    show1   0x00010e    program     static C:\Users\Julian Santos\MPLABXProjects\CoinAcceptorASM.X\CoinMain.asm
                   dirnum   0x000118    program     static C:\Users\Julian Santos\MPLABXProjects\CoinAcceptorASM.X\CoinMain.asm
               readbutton   0x000126    program     static C:\Users\Julian Santos\MPLABXProjects\CoinAcceptorASM.X\CoinMain.asm
                    read2   0x000146    program     static C:\Users\Julian Santos\MPLABXProjects\CoinAcceptorASM.X\CoinMain.asm
                    read1   0x000160    program     static C:\Users\Julian Santos\MPLABXProjects\CoinAcceptorASM.X\CoinMain.asm
                      rr1   0x000176    program     static C:\Users\Julian Santos\MPLABXProjects\CoinAcceptorASM.X\CoinMain.asm
                  LEDsRed   0x000184    program     static C:\Users\Julian Santos\MPLABXProjects\CoinAcceptorASM.X\CoinMain.asm
                LEDsGreen   0x000192    program     static C:\Users\Julian Santos\MPLABXProjects\CoinAcceptorASM.X\CoinMain.asm
              enablepulse   0x0001a2    program     static C:\Users\Julian Santos\MPLABXProjects\CoinAcceptorASM.X\CoinMain.asm
                  command   0x0001aa    program     static C:\Users\Julian Santos\MPLABXProjects\CoinAcceptorASM.X\CoinMain.asm
                    pdata   0x0001ba    program     static C:\Users\Julian Santos\MPLABXProjects\CoinAcceptorASM.X\CoinMain.asm
                 setLCDup   0x0001ca    program     static C:\Users\Julian Santos\MPLABXProjects\CoinAcceptorASM.X\CoinMain.asm
                     set1   0x0001dc    program     static C:\Users\Julian Santos\MPLABXProjects\CoinAcceptorASM.X\CoinMain.asm
         initialconfigLCD   0x0001ea    program     static C:\Users\Julian Santos\MPLABXProjects\CoinAcceptorASM.X\CoinMain.asm
                 LCDCover   0x0001fe    program     static C:\Users\Julian Santos\MPLABXProjects\CoinAcceptorASM.X\CoinMain.asm
               LCDInsertC   0x000210    program     static C:\Users\Julian Santos\MPLABXProjects\CoinAcceptorASM.X\CoinMain.asm
              LCDNInsertC   0x000228    program     static C:\Users\Julian Santos\MPLABXProjects\CoinAcceptorASM.X\CoinMain.asm
                  LCDBank   0x000240    program     static C:\Users\Julian Santos\MPLABXProjects\CoinAcceptorASM.X\CoinMain.asm
                     LCD1   0x00026e    program     static C:\Users\Julian Santos\MPLABXProjects\CoinAcceptorASM.X\CoinMain.asm
                  initccp   0x00027c    program     static C:\Users\Julian Santos\MPLABXProjects\CoinAcceptorASM.X\CoinMain.asm
                   CCPISR   0x000292    program     static C:\Users\Julian Santos\MPLABXProjects\CoinAcceptorASM.X\CoinMain.asm
                     S500   0x0002ac    program     static C:\Users\Julian Santos\MPLABXProjects\CoinAcceptorASM.X\CoinMain.asm
                     S200   0x0002bc    program     static C:\Users\Julian Santos\MPLABXProjects\CoinAcceptorASM.X\CoinMain.asm
                setbutton   0x0002cc    program     static C:\Users\Julian Santos\MPLABXProjects\CoinAcceptorASM.X\CoinMain.asm
                delay10ms   0x0002d2    program     static C:\Users\Julian Santos\MPLABXProjects\CoinAcceptorASM.X\CoinMain.asm
                       d0   0x0002d6    program     static C:\Users\Julian Santos\MPLABXProjects\CoinAcceptorASM.X\CoinMain.asm
                       d1   0x0002dc    program     static C:\Users\Julian Santos\MPLABXProjects\CoinAcceptorASM.X\CoinMain.asm
                delayW0ms   0x0002e6    program     static C:\Users\Julian Santos\MPLABXProjects\CoinAcceptorASM.X\CoinMain.asm
                       d2   0x0002e8    program     static C:\Users\Julian Santos\MPLABXProjects\CoinAcceptorASM.X\CoinMain.asm
                   ctrlcd   0x000300    program     static C:\Users\Julian Santos\MPLABXProjects\CoinAcceptorASM.X\CoinMain.asm
                     msg1   0x000306    program     static C:\Users\Julian Santos\MPLABXProjects\CoinAcceptorASM.X\CoinMain.asm
                     msg2   0x00031c    program     static C:\Users\Julian Santos\MPLABXProjects\CoinAcceptorASM.X\CoinMain.asm
                     msg3   0x000332    program     static C:\Users\Julian Santos\MPLABXProjects\CoinAcceptorASM.X\CoinMain.asm
                     msg4   0x000348    program     static C:\Users\Julian Santos\MPLABXProjects\CoinAcceptorASM.X\CoinMain.asm
                     msg5   0x00035e    program     static C:\Users\Julian Santos\MPLABXProjects\CoinAcceptorASM.X\CoinMain.asm
                     msg6   0x000374    program     static C:\Users\Julian Santos\MPLABXProjects\CoinAcceptorASM.X\CoinMain.asm
                    ncoin   0x00038a    program     static C:\Users\Julian Santos\MPLABXProjects\CoinAcceptorASM.X\CoinMain.asm


