MPLINK 5.08, LINKER
Linker Map File - Created Sun Aug 07 21:42:56 2016

                                 Section Info
                  Section       Type    Address   Location Size(Bytes)
                ---------  ---------  ---------  ---------  ---------
                   .org_0       code   0x000000    program   0x000004
                   .cinit    romdata   0x000004    program   0x000002
                   .org_1       code   0x000008    program   0x0003d4
                   .org_2       code   0x000500    program   0x0000aa
.config_300000_BUILD/DEFAULT/PRODUCTION/COINMAI    romdata   0x300000    program   0x000001
.config_300001_BUILD/DEFAULT/PRODUCTION/COINMAI    romdata   0x300001    program   0x000001
.config_300002_BUILD/DEFAULT/PRODUCTION/COINMAI    romdata   0x300002    program   0x000001
.config_300003_BUILD/DEFAULT/PRODUCTION/COINMAI    romdata   0x300003    program   0x000001
.config_300005_BUILD/DEFAULT/PRODUCTION/COINMAI    romdata   0x300005    program   0x000001
.config_300006_BUILD/DEFAULT/PRODUCTION/COINMAI    romdata   0x300006    program   0x000001
.config_300008_BUILD/DEFAULT/PRODUCTION/COINMAI    romdata   0x300008    program   0x000001
.config_300009_BUILD/DEFAULT/PRODUCTION/COINMAI    romdata   0x300009    program   0x000001
.config_30000A_BUILD/DEFAULT/PRODUCTION/COINMAI    romdata   0x30000a    program   0x000001
.config_30000B_BUILD/DEFAULT/PRODUCTION/COINMAI    romdata   0x30000b    program   0x000001
.config_30000C_BUILD/DEFAULT/PRODUCTION/COINMAI    romdata   0x30000c    program   0x000001
.config_30000D_BUILD/DEFAULT/PRODUCTION/COINMAI    romdata   0x30000d    program   0x000001



                              Program Memory Usage 
                               Start         End      
                           ---------   ---------      
                            0x000000    0x000005      
                            0x000008    0x0003db      
                            0x000500    0x0005a9      
                            0x300000    0x300003      
                            0x300005    0x300006      
                            0x300008    0x30000d      
            1168 out of 33048 program addresses used, program memory utilization is 3%



                              Symbols - Sorted by Name
                     Name    Address   Location    Storage File                     
                ---------  ---------  ---------  --------- ---------                
                   CCPISR   0x00033c    program     static C:\Users\Julian Santos\MPLABXProjects\CoinAcceptorASM.X\CoinMain.asm
                     LCD1   0x000318    program     static C:\Users\Julian Santos\MPLABXProjects\CoinAcceptorASM.X\CoinMain.asm
                  LCDBank   0x0002ea    program     static C:\Users\Julian Santos\MPLABXProjects\CoinAcceptorASM.X\CoinMain.asm
                 LCDCover   0x0002a8    program     static C:\Users\Julian Santos\MPLABXProjects\CoinAcceptorASM.X\CoinMain.asm
               LCDInsertC   0x0002ba    program     static C:\Users\Julian Santos\MPLABXProjects\CoinAcceptorASM.X\CoinMain.asm
              LCDNInsertC   0x0002d2    program     static C:\Users\Julian Santos\MPLABXProjects\CoinAcceptorASM.X\CoinMain.asm
                LEDsGreen   0x000230    program     static C:\Users\Julian Santos\MPLABXProjects\CoinAcceptorASM.X\CoinMain.asm
                  LEDsRed   0x000222    program     static C:\Users\Julian Santos\MPLABXProjects\CoinAcceptorASM.X\CoinMain.asm
                     S200   0x000368    program     static C:\Users\Julian Santos\MPLABXProjects\CoinAcceptorASM.X\CoinMain.asm
                     S500   0x00035c    program     static C:\Users\Julian Santos\MPLABXProjects\CoinAcceptorASM.X\CoinMain.asm
                    TXSUB   0x00037e    program     static C:\Users\Julian Santos\MPLABXProjects\CoinAcceptorASM.X\CoinMain.asm
               banknumber   0x0001fc    program     static C:\Users\Julian Santos\MPLABXProjects\CoinAcceptorASM.X\CoinMain.asm
               choosebank   0x000036    program     static C:\Users\Julian Santos\MPLABXProjects\CoinAcceptorASM.X\CoinMain.asm
                    clear   0x000374    program     static C:\Users\Julian Santos\MPLABXProjects\CoinAcceptorASM.X\CoinMain.asm
                  command   0x000248    program     static C:\Users\Julian Santos\MPLABXProjects\CoinAcceptorASM.X\CoinMain.asm
                   ctrlcd   0x000500    program     static C:\Users\Julian Santos\MPLABXProjects\CoinAcceptorASM.X\CoinMain.asm
                       d0   0x0003c0    program     static C:\Users\Julian Santos\MPLABXProjects\CoinAcceptorASM.X\CoinMain.asm
                       d1   0x0003c6    program     static C:\Users\Julian Santos\MPLABXProjects\CoinAcceptorASM.X\CoinMain.asm
                       d2   0x0003d2    program     static C:\Users\Julian Santos\MPLABXProjects\CoinAcceptorASM.X\CoinMain.asm
                delay10ms   0x0003bc    program     static C:\Users\Julian Santos\MPLABXProjects\CoinAcceptorASM.X\CoinMain.asm
                delayW0ms   0x0003d0    program     static C:\Users\Julian Santos\MPLABXProjects\CoinAcceptorASM.X\CoinMain.asm
                   dirnum   0x000150    program     static C:\Users\Julian Santos\MPLABXProjects\CoinAcceptorASM.X\CoinMain.asm
              enablepulse   0x000240    program     static C:\Users\Julian Santos\MPLABXProjects\CoinAcceptorASM.X\CoinMain.asm
              greater100t   0x00011a    program     static C:\Users\Julian Santos\MPLABXProjects\CoinAcceptorASM.X\CoinMain.asm
                 greater9   0x000060    program     static C:\Users\Julian Santos\MPLABXProjects\CoinAcceptorASM.X\CoinMain.asm
                greater9t   0x000122    program     static C:\Users\Julian Santos\MPLABXProjects\CoinAcceptorASM.X\CoinMain.asm
                  initccp   0x000326    program     static C:\Users\Julian Santos\MPLABXProjects\CoinAcceptorASM.X\CoinMain.asm
         initialconfigLCD   0x000288    program     static C:\Users\Julian Santos\MPLABXProjects\CoinAcceptorASM.X\CoinMain.asm
                     main   0x00000c    program     static C:\Users\Julian Santos\MPLABXProjects\CoinAcceptorASM.X\CoinMain.asm
              mainInsertC   0x000020    program     static C:\Users\Julian Santos\MPLABXProjects\CoinAcceptorASM.X\CoinMain.asm
                     msg1   0x000506    program     static C:\Users\Julian Santos\MPLABXProjects\CoinAcceptorASM.X\CoinMain.asm
                     msg2   0x00051c    program     static C:\Users\Julian Santos\MPLABXProjects\CoinAcceptorASM.X\CoinMain.asm
                     msg3   0x000532    program     static C:\Users\Julian Santos\MPLABXProjects\CoinAcceptorASM.X\CoinMain.asm
                     msg4   0x000548    program     static C:\Users\Julian Santos\MPLABXProjects\CoinAcceptorASM.X\CoinMain.asm
                     msg5   0x00055e    program     static C:\Users\Julian Santos\MPLABXProjects\CoinAcceptorASM.X\CoinMain.asm
                     msg6   0x000574    program     static C:\Users\Julian Santos\MPLABXProjects\CoinAcceptorASM.X\CoinMain.asm
                     msg7   0x000594    program     static C:\Users\Julian Santos\MPLABXProjects\CoinAcceptorASM.X\CoinMain.asm
                    ncoin   0x000588    program     static C:\Users\Julian Santos\MPLABXProjects\CoinAcceptorASM.X\CoinMain.asm
                    pdata   0x000258    program     static C:\Users\Julian Santos\MPLABXProjects\CoinAcceptorASM.X\CoinMain.asm
                    read1   0x0001b2    program     static C:\Users\Julian Santos\MPLABXProjects\CoinAcceptorASM.X\CoinMain.asm
                    read2   0x00017e    program     static C:\Users\Julian Santos\MPLABXProjects\CoinAcceptorASM.X\CoinMain.asm
               readbutton   0x00015e    program     static C:\Users\Julian Santos\MPLABXProjects\CoinAcceptorASM.X\CoinMain.asm
                      rr1   0x0001c8    program     static C:\Users\Julian Santos\MPLABXProjects\CoinAcceptorASM.X\CoinMain.asm
                      se1   0x000058    program     static C:\Users\Julian Santos\MPLABXProjects\CoinAcceptorASM.X\CoinMain.asm
                 senddata   0x0003ac    program     static C:\Users\Julian Santos\MPLABXProjects\CoinAcceptorASM.X\CoinMain.asm
                     sep0   0x00010a    program     static C:\Users\Julian Santos\MPLABXProjects\CoinAcceptorASM.X\CoinMain.asm
                     sep1   0x000112    program     static C:\Users\Julian Santos\MPLABXProjects\CoinAcceptorASM.X\CoinMain.asm
                separateC   0x000050    program     static C:\Users\Julian Santos\MPLABXProjects\CoinAcceptorASM.X\CoinMain.asm
                separateT   0x0000f6    program     static C:\Users\Julian Santos\MPLABXProjects\CoinAcceptorASM.X\CoinMain.asm
                     set1   0x00027a    program     static C:\Users\Julian Santos\MPLABXProjects\CoinAcceptorASM.X\CoinMain.asm
                 setLCDup   0x000268    program     static C:\Users\Julian Santos\MPLABXProjects\CoinAcceptorASM.X\CoinMain.asm
                    show1   0x000146    program     static C:\Users\Julian Santos\MPLABXProjects\CoinAcceptorASM.X\CoinMain.asm
                showMoney   0x000068    program     static C:\Users\Julian Santos\MPLABXProjects\CoinAcceptorASM.X\CoinMain.asm
                    showd   0x00012a    program     static C:\Users\Julian Santos\MPLABXProjects\CoinAcceptorASM.X\CoinMain.asm
                   showdt   0x00012c    program     static C:\Users\Julian Santos\MPLABXProjects\CoinAcceptorASM.X\CoinMain.asm
               showthanks   0x00020a    program     static C:\Users\Julian Santos\MPLABXProjects\CoinAcceptorASM.X\CoinMain.asm
                    showu   0x000138    program     static C:\Users\Julian Santos\MPLABXProjects\CoinAcceptorASM.X\CoinMain.asm
                   showut   0x00013a    program     static C:\Users\Julian Santos\MPLABXProjects\CoinAcceptorASM.X\CoinMain.asm
               targetbank   0x0001d6    program     static C:\Users\Julian Santos\MPLABXProjects\CoinAcceptorASM.X\CoinMain.asm
                     wait   0x0003ae    program     static C:\Users\Julian Santos\MPLABXProjects\CoinAcceptorASM.X\CoinMain.asm



                              Symbols - Sorted by Address
                     Name    Address   Location    Storage File                     
                ---------  ---------  ---------  --------- ---------                
                     main   0x00000c    program     static C:\Users\Julian Santos\MPLABXProjects\CoinAcceptorASM.X\CoinMain.asm
              mainInsertC   0x000020    program     static C:\Users\Julian Santos\MPLABXProjects\CoinAcceptorASM.X\CoinMain.asm
               choosebank   0x000036    program     static C:\Users\Julian Santos\MPLABXProjects\CoinAcceptorASM.X\CoinMain.asm
                separateC   0x000050    program     static C:\Users\Julian Santos\MPLABXProjects\CoinAcceptorASM.X\CoinMain.asm
                      se1   0x000058    program     static C:\Users\Julian Santos\MPLABXProjects\CoinAcceptorASM.X\CoinMain.asm
                 greater9   0x000060    program     static C:\Users\Julian Santos\MPLABXProjects\CoinAcceptorASM.X\CoinMain.asm
                showMoney   0x000068    program     static C:\Users\Julian Santos\MPLABXProjects\CoinAcceptorASM.X\CoinMain.asm
                separateT   0x0000f6    program     static C:\Users\Julian Santos\MPLABXProjects\CoinAcceptorASM.X\CoinMain.asm
                     sep0   0x00010a    program     static C:\Users\Julian Santos\MPLABXProjects\CoinAcceptorASM.X\CoinMain.asm
                     sep1   0x000112    program     static C:\Users\Julian Santos\MPLABXProjects\CoinAcceptorASM.X\CoinMain.asm
              greater100t   0x00011a    program     static C:\Users\Julian Santos\MPLABXProjects\CoinAcceptorASM.X\CoinMain.asm
                greater9t   0x000122    program     static C:\Users\Julian Santos\MPLABXProjects\CoinAcceptorASM.X\CoinMain.asm
                    showd   0x00012a    program     static C:\Users\Julian Santos\MPLABXProjects\CoinAcceptorASM.X\CoinMain.asm
                   showdt   0x00012c    program     static C:\Users\Julian Santos\MPLABXProjects\CoinAcceptorASM.X\CoinMain.asm
                    showu   0x000138    program     static C:\Users\Julian Santos\MPLABXProjects\CoinAcceptorASM.X\CoinMain.asm
                   showut   0x00013a    program     static C:\Users\Julian Santos\MPLABXProjects\CoinAcceptorASM.X\CoinMain.asm
                    show1   0x000146    program     static C:\Users\Julian Santos\MPLABXProjects\CoinAcceptorASM.X\CoinMain.asm
                   dirnum   0x000150    program     static C:\Users\Julian Santos\MPLABXProjects\CoinAcceptorASM.X\CoinMain.asm
               readbutton   0x00015e    program     static C:\Users\Julian Santos\MPLABXProjects\CoinAcceptorASM.X\CoinMain.asm
                    read2   0x00017e    program     static C:\Users\Julian Santos\MPLABXProjects\CoinAcceptorASM.X\CoinMain.asm
                    read1   0x0001b2    program     static C:\Users\Julian Santos\MPLABXProjects\CoinAcceptorASM.X\CoinMain.asm
                      rr1   0x0001c8    program     static C:\Users\Julian Santos\MPLABXProjects\CoinAcceptorASM.X\CoinMain.asm
               targetbank   0x0001d6    program     static C:\Users\Julian Santos\MPLABXProjects\CoinAcceptorASM.X\CoinMain.asm
               banknumber   0x0001fc    program     static C:\Users\Julian Santos\MPLABXProjects\CoinAcceptorASM.X\CoinMain.asm
               showthanks   0x00020a    program     static C:\Users\Julian Santos\MPLABXProjects\CoinAcceptorASM.X\CoinMain.asm
                  LEDsRed   0x000222    program     static C:\Users\Julian Santos\MPLABXProjects\CoinAcceptorASM.X\CoinMain.asm
                LEDsGreen   0x000230    program     static C:\Users\Julian Santos\MPLABXProjects\CoinAcceptorASM.X\CoinMain.asm
              enablepulse   0x000240    program     static C:\Users\Julian Santos\MPLABXProjects\CoinAcceptorASM.X\CoinMain.asm
                  command   0x000248    program     static C:\Users\Julian Santos\MPLABXProjects\CoinAcceptorASM.X\CoinMain.asm
                    pdata   0x000258    program     static C:\Users\Julian Santos\MPLABXProjects\CoinAcceptorASM.X\CoinMain.asm
                 setLCDup   0x000268    program     static C:\Users\Julian Santos\MPLABXProjects\CoinAcceptorASM.X\CoinMain.asm
                     set1   0x00027a    program     static C:\Users\Julian Santos\MPLABXProjects\CoinAcceptorASM.X\CoinMain.asm
         initialconfigLCD   0x000288    program     static C:\Users\Julian Santos\MPLABXProjects\CoinAcceptorASM.X\CoinMain.asm
                 LCDCover   0x0002a8    program     static C:\Users\Julian Santos\MPLABXProjects\CoinAcceptorASM.X\CoinMain.asm
               LCDInsertC   0x0002ba    program     static C:\Users\Julian Santos\MPLABXProjects\CoinAcceptorASM.X\CoinMain.asm
              LCDNInsertC   0x0002d2    program     static C:\Users\Julian Santos\MPLABXProjects\CoinAcceptorASM.X\CoinMain.asm
                  LCDBank   0x0002ea    program     static C:\Users\Julian Santos\MPLABXProjects\CoinAcceptorASM.X\CoinMain.asm
                     LCD1   0x000318    program     static C:\Users\Julian Santos\MPLABXProjects\CoinAcceptorASM.X\CoinMain.asm
                  initccp   0x000326    program     static C:\Users\Julian Santos\MPLABXProjects\CoinAcceptorASM.X\CoinMain.asm
                   CCPISR   0x00033c    program     static C:\Users\Julian Santos\MPLABXProjects\CoinAcceptorASM.X\CoinMain.asm
                     S500   0x00035c    program     static C:\Users\Julian Santos\MPLABXProjects\CoinAcceptorASM.X\CoinMain.asm
                     S200   0x000368    program     static C:\Users\Julian Santos\MPLABXProjects\CoinAcceptorASM.X\CoinMain.asm
                    clear   0x000374    program     static C:\Users\Julian Santos\MPLABXProjects\CoinAcceptorASM.X\CoinMain.asm
                    TXSUB   0x00037e    program     static C:\Users\Julian Santos\MPLABXProjects\CoinAcceptorASM.X\CoinMain.asm
                 senddata   0x0003ac    program     static C:\Users\Julian Santos\MPLABXProjects\CoinAcceptorASM.X\CoinMain.asm
                     wait   0x0003ae    program     static C:\Users\Julian Santos\MPLABXProjects\CoinAcceptorASM.X\CoinMain.asm
                delay10ms   0x0003bc    program     static C:\Users\Julian Santos\MPLABXProjects\CoinAcceptorASM.X\CoinMain.asm
                       d0   0x0003c0    program     static C:\Users\Julian Santos\MPLABXProjects\CoinAcceptorASM.X\CoinMain.asm
                       d1   0x0003c6    program     static C:\Users\Julian Santos\MPLABXProjects\CoinAcceptorASM.X\CoinMain.asm
                delayW0ms   0x0003d0    program     static C:\Users\Julian Santos\MPLABXProjects\CoinAcceptorASM.X\CoinMain.asm
                       d2   0x0003d2    program     static C:\Users\Julian Santos\MPLABXProjects\CoinAcceptorASM.X\CoinMain.asm
                   ctrlcd   0x000500    program     static C:\Users\Julian Santos\MPLABXProjects\CoinAcceptorASM.X\CoinMain.asm
                     msg1   0x000506    program     static C:\Users\Julian Santos\MPLABXProjects\CoinAcceptorASM.X\CoinMain.asm
                     msg2   0x00051c    program     static C:\Users\Julian Santos\MPLABXProjects\CoinAcceptorASM.X\CoinMain.asm
                     msg3   0x000532    program     static C:\Users\Julian Santos\MPLABXProjects\CoinAcceptorASM.X\CoinMain.asm
                     msg4   0x000548    program     static C:\Users\Julian Santos\MPLABXProjects\CoinAcceptorASM.X\CoinMain.asm
                     msg5   0x00055e    program     static C:\Users\Julian Santos\MPLABXProjects\CoinAcceptorASM.X\CoinMain.asm
                     msg6   0x000574    program     static C:\Users\Julian Santos\MPLABXProjects\CoinAcceptorASM.X\CoinMain.asm
                    ncoin   0x000588    program     static C:\Users\Julian Santos\MPLABXProjects\CoinAcceptorASM.X\CoinMain.asm
                     msg7   0x000594    program     static C:\Users\Julian Santos\MPLABXProjects\CoinAcceptorASM.X\CoinMain.asm


