MPLINK 5.08, LINKER
Linker Map File - Created Sun Aug 07 18:14:46 2016

                                 Section Info
                  Section       Type    Address   Location Size(Bytes)
                ---------  ---------  ---------  ---------  ---------
                   .org_0       code   0x000000    program   0x000004
                   .cinit    romdata   0x000004    program   0x000002
                   .org_1       code   0x000008    program   0x00034a
                   .org_2       code   0x000500    program   0x0000aa
.config_300000_BUILD/DEFAULT/PRODUCTION/COINMAI    romdata   0x300000    program   0x000001
.config_300001_BUILD/DEFAULT/PRODUCTION/COINMAI    romdata   0x300001    program   0x000001
.config_300002_BUILD/DEFAULT/PRODUCTION/COINMAI    romdata   0x300002    program   0x000001
.config_300003_BUILD/DEFAULT/PRODUCTION/COINMAI    romdata   0x300003    program   0x000001
.config_300005_BUILD/DEFAULT/PRODUCTION/COINMAI    romdata   0x300005    program   0x000001
.config_300006_BUILD/DEFAULT/PRODUCTION/COINMAI    romdata   0x300006    program   0x000001
.config_300008_BUILD/DEFAULT/PRODUCTION/COINMAI    romdata   0x300008    program   0x000001
.config_300009_BUILD/DEFAULT/PRODUCTION/COINMAI    romdata   0x300009    program   0x000001
.config_30000A_BUILD/DEFAULT/PRODUCTION/COINMAI    romdata   0x30000a    program   0x000001
.config_30000B_BUILD/DEFAULT/PRODUCTION/COINMAI    romdata   0x30000b    program   0x000001
.config_30000C_BUILD/DEFAULT/PRODUCTION/COINMAI    romdata   0x30000c    program   0x000001
.config_30000D_BUILD/DEFAULT/PRODUCTION/COINMAI    romdata   0x30000d    program   0x000001



                              Program Memory Usage 
                               Start         End      
                           ---------   ---------      
                            0x000000    0x000005      
                            0x000008    0x000351      
                            0x000500    0x0005a9      
                            0x300000    0x300003      
                            0x300005    0x300006      
                            0x300008    0x30000d      
            1030 out of 33048 program addresses used, program memory utilization is 3%



                              Symbols - Sorted by Name
                     Name    Address   Location    Storage File                     
                ---------  ---------  ---------  --------- ---------                
                   CCPISR   0x0002f2    program     static C:\Users\Julian Santos\MPLABXProjects\CoinAcceptorASM.X\CoinMain.asm
                     LCD1   0x0002ce    program     static C:\Users\Julian Santos\MPLABXProjects\CoinAcceptorASM.X\CoinMain.asm
                  LCDBank   0x0002a0    program     static C:\Users\Julian Santos\MPLABXProjects\CoinAcceptorASM.X\CoinMain.asm
                 LCDCover   0x00025e    program     static C:\Users\Julian Santos\MPLABXProjects\CoinAcceptorASM.X\CoinMain.asm
               LCDInsertC   0x000270    program     static C:\Users\Julian Santos\MPLABXProjects\CoinAcceptorASM.X\CoinMain.asm
              LCDNInsertC   0x000288    program     static C:\Users\Julian Santos\MPLABXProjects\CoinAcceptorASM.X\CoinMain.asm
                LEDsGreen   0x0001f2    program     static C:\Users\Julian Santos\MPLABXProjects\CoinAcceptorASM.X\CoinMain.asm
                  LEDsRed   0x0001e4    program     static C:\Users\Julian Santos\MPLABXProjects\CoinAcceptorASM.X\CoinMain.asm
                     S200   0x00031c    program     static C:\Users\Julian Santos\MPLABXProjects\CoinAcceptorASM.X\CoinMain.asm
                     S500   0x00030c    program     static C:\Users\Julian Santos\MPLABXProjects\CoinAcceptorASM.X\CoinMain.asm
               banknumber   0x0001be    program     static C:\Users\Julian Santos\MPLABXProjects\CoinAcceptorASM.X\CoinMain.asm
               choosebank   0x000036    program     static C:\Users\Julian Santos\MPLABXProjects\CoinAcceptorASM.X\CoinMain.asm
                  command   0x00020a    program     static C:\Users\Julian Santos\MPLABXProjects\CoinAcceptorASM.X\CoinMain.asm
                   ctrlcd   0x000500    program     static C:\Users\Julian Santos\MPLABXProjects\CoinAcceptorASM.X\CoinMain.asm
                       d0   0x000336    program     static C:\Users\Julian Santos\MPLABXProjects\CoinAcceptorASM.X\CoinMain.asm
                       d1   0x00033c    program     static C:\Users\Julian Santos\MPLABXProjects\CoinAcceptorASM.X\CoinMain.asm
                       d2   0x000348    program     static C:\Users\Julian Santos\MPLABXProjects\CoinAcceptorASM.X\CoinMain.asm
                delay10ms   0x000332    program     static C:\Users\Julian Santos\MPLABXProjects\CoinAcceptorASM.X\CoinMain.asm
                delayW0ms   0x000346    program     static C:\Users\Julian Santos\MPLABXProjects\CoinAcceptorASM.X\CoinMain.asm
                   dirnum   0x000118    program     static C:\Users\Julian Santos\MPLABXProjects\CoinAcceptorASM.X\CoinMain.asm
              enablepulse   0x000202    program     static C:\Users\Julian Santos\MPLABXProjects\CoinAcceptorASM.X\CoinMain.asm
                 greater9   0x000060    program     static C:\Users\Julian Santos\MPLABXProjects\CoinAcceptorASM.X\CoinMain.asm
                greater9t   0x0000ea    program     static C:\Users\Julian Santos\MPLABXProjects\CoinAcceptorASM.X\CoinMain.asm
                  initccp   0x0002dc    program     static C:\Users\Julian Santos\MPLABXProjects\CoinAcceptorASM.X\CoinMain.asm
         initialconfigLCD   0x00024a    program     static C:\Users\Julian Santos\MPLABXProjects\CoinAcceptorASM.X\CoinMain.asm
                     main   0x00000c    program     static C:\Users\Julian Santos\MPLABXProjects\CoinAcceptorASM.X\CoinMain.asm
              mainInsertC   0x000020    program     static C:\Users\Julian Santos\MPLABXProjects\CoinAcceptorASM.X\CoinMain.asm
                     msg1   0x000506    program     static C:\Users\Julian Santos\MPLABXProjects\CoinAcceptorASM.X\CoinMain.asm
                     msg2   0x00051c    program     static C:\Users\Julian Santos\MPLABXProjects\CoinAcceptorASM.X\CoinMain.asm
                     msg3   0x000532    program     static C:\Users\Julian Santos\MPLABXProjects\CoinAcceptorASM.X\CoinMain.asm
                     msg4   0x000548    program     static C:\Users\Julian Santos\MPLABXProjects\CoinAcceptorASM.X\CoinMain.asm
                     msg5   0x00055e    program     static C:\Users\Julian Santos\MPLABXProjects\CoinAcceptorASM.X\CoinMain.asm
                     msg6   0x000574    program     static C:\Users\Julian Santos\MPLABXProjects\CoinAcceptorASM.X\CoinMain.asm
                     msg7   0x000594    program     static C:\Users\Julian Santos\MPLABXProjects\CoinAcceptorASM.X\CoinMain.asm
                    ncoin   0x000588    program     static C:\Users\Julian Santos\MPLABXProjects\CoinAcceptorASM.X\CoinMain.asm
                    pdata   0x00021a    program     static C:\Users\Julian Santos\MPLABXProjects\CoinAcceptorASM.X\CoinMain.asm
                    read1   0x000174    program     static C:\Users\Julian Santos\MPLABXProjects\CoinAcceptorASM.X\CoinMain.asm
                    read2   0x000146    program     static C:\Users\Julian Santos\MPLABXProjects\CoinAcceptorASM.X\CoinMain.asm
               readbutton   0x000126    program     static C:\Users\Julian Santos\MPLABXProjects\CoinAcceptorASM.X\CoinMain.asm
                      rr1   0x00018a    program     static C:\Users\Julian Santos\MPLABXProjects\CoinAcceptorASM.X\CoinMain.asm
                      se1   0x000058    program     static C:\Users\Julian Santos\MPLABXProjects\CoinAcceptorASM.X\CoinMain.asm
                     sep1   0x0000e2    program     static C:\Users\Julian Santos\MPLABXProjects\CoinAcceptorASM.X\CoinMain.asm
                separateC   0x000050    program     static C:\Users\Julian Santos\MPLABXProjects\CoinAcceptorASM.X\CoinMain.asm
                separateT   0x0000da    program     static C:\Users\Julian Santos\MPLABXProjects\CoinAcceptorASM.X\CoinMain.asm
                     set1   0x00023c    program     static C:\Users\Julian Santos\MPLABXProjects\CoinAcceptorASM.X\CoinMain.asm
                 setLCDup   0x00022a    program     static C:\Users\Julian Santos\MPLABXProjects\CoinAcceptorASM.X\CoinMain.asm
                setbutton   0x00032c    program     static C:\Users\Julian Santos\MPLABXProjects\CoinAcceptorASM.X\CoinMain.asm
                    show1   0x00010e    program     static C:\Users\Julian Santos\MPLABXProjects\CoinAcceptorASM.X\CoinMain.asm
                showMoney   0x000068    program     static C:\Users\Julian Santos\MPLABXProjects\CoinAcceptorASM.X\CoinMain.asm
                    showd   0x0000f2    program     static C:\Users\Julian Santos\MPLABXProjects\CoinAcceptorASM.X\CoinMain.asm
                   showdt   0x0000f4    program     static C:\Users\Julian Santos\MPLABXProjects\CoinAcceptorASM.X\CoinMain.asm
               showthanks   0x0001cc    program     static C:\Users\Julian Santos\MPLABXProjects\CoinAcceptorASM.X\CoinMain.asm
                    showu   0x000100    program     static C:\Users\Julian Santos\MPLABXProjects\CoinAcceptorASM.X\CoinMain.asm
                   showut   0x000102    program     static C:\Users\Julian Santos\MPLABXProjects\CoinAcceptorASM.X\CoinMain.asm
               targetbank   0x000198    program     static C:\Users\Julian Santos\MPLABXProjects\CoinAcceptorASM.X\CoinMain.asm



                              Symbols - Sorted by Address
                     Name    Address   Location    Storage File                     
                ---------  ---------  ---------  --------- ---------                
                     main   0x00000c    program     static C:\Users\Julian Santos\MPLABXProjects\CoinAcceptorASM.X\CoinMain.asm
              mainInsertC   0x000020    program     static C:\Users\Julian Santos\MPLABXProjects\CoinAcceptorASM.X\CoinMain.asm
               choosebank   0x000036    program     static C:\Users\Julian Santos\MPLABXProjects\CoinAcceptorASM.X\CoinMain.asm
                separateC   0x000050    program     static C:\Users\Julian Santos\MPLABXProjects\CoinAcceptorASM.X\CoinMain.asm
                      se1   0x000058    program     static C:\Users\Julian Santos\MPLABXProjects\CoinAcceptorASM.X\CoinMain.asm
                 greater9   0x000060    program     static C:\Users\Julian Santos\MPLABXProjects\CoinAcceptorASM.X\CoinMain.asm
                showMoney   0x000068    program     static C:\Users\Julian Santos\MPLABXProjects\CoinAcceptorASM.X\CoinMain.asm
                separateT   0x0000da    program     static C:\Users\Julian Santos\MPLABXProjects\CoinAcceptorASM.X\CoinMain.asm
                     sep1   0x0000e2    program     static C:\Users\Julian Santos\MPLABXProjects\CoinAcceptorASM.X\CoinMain.asm
                greater9t   0x0000ea    program     static C:\Users\Julian Santos\MPLABXProjects\CoinAcceptorASM.X\CoinMain.asm
                    showd   0x0000f2    program     static C:\Users\Julian Santos\MPLABXProjects\CoinAcceptorASM.X\CoinMain.asm
                   showdt   0x0000f4    program     static C:\Users\Julian Santos\MPLABXProjects\CoinAcceptorASM.X\CoinMain.asm
                    showu   0x000100    program     static C:\Users\Julian Santos\MPLABXProjects\CoinAcceptorASM.X\CoinMain.asm
                   showut   0x000102    program     static C:\Users\Julian Santos\MPLABXProjects\CoinAcceptorASM.X\CoinMain.asm
                    show1   0x00010e    program     static C:\Users\Julian Santos\MPLABXProjects\CoinAcceptorASM.X\CoinMain.asm
                   dirnum   0x000118    program     static C:\Users\Julian Santos\MPLABXProjects\CoinAcceptorASM.X\CoinMain.asm
               readbutton   0x000126    program     static C:\Users\Julian Santos\MPLABXProjects\CoinAcceptorASM.X\CoinMain.asm
                    read2   0x000146    program     static C:\Users\Julian Santos\MPLABXProjects\CoinAcceptorASM.X\CoinMain.asm
                    read1   0x000174    program     static C:\Users\Julian Santos\MPLABXProjects\CoinAcceptorASM.X\CoinMain.asm
                      rr1   0x00018a    program     static C:\Users\Julian Santos\MPLABXProjects\CoinAcceptorASM.X\CoinMain.asm
               targetbank   0x000198    program     static C:\Users\Julian Santos\MPLABXProjects\CoinAcceptorASM.X\CoinMain.asm
               banknumber   0x0001be    program     static C:\Users\Julian Santos\MPLABXProjects\CoinAcceptorASM.X\CoinMain.asm
               showthanks   0x0001cc    program     static C:\Users\Julian Santos\MPLABXProjects\CoinAcceptorASM.X\CoinMain.asm
                  LEDsRed   0x0001e4    program     static C:\Users\Julian Santos\MPLABXProjects\CoinAcceptorASM.X\CoinMain.asm
                LEDsGreen   0x0001f2    program     static C:\Users\Julian Santos\MPLABXProjects\CoinAcceptorASM.X\CoinMain.asm
              enablepulse   0x000202    program     static C:\Users\Julian Santos\MPLABXProjects\CoinAcceptorASM.X\CoinMain.asm
                  command   0x00020a    program     static C:\Users\Julian Santos\MPLABXProjects\CoinAcceptorASM.X\CoinMain.asm
                    pdata   0x00021a    program     static C:\Users\Julian Santos\MPLABXProjects\CoinAcceptorASM.X\CoinMain.asm
                 setLCDup   0x00022a    program     static C:\Users\Julian Santos\MPLABXProjects\CoinAcceptorASM.X\CoinMain.asm
                     set1   0x00023c    program     static C:\Users\Julian Santos\MPLABXProjects\CoinAcceptorASM.X\CoinMain.asm
         initialconfigLCD   0x00024a    program     static C:\Users\Julian Santos\MPLABXProjects\CoinAcceptorASM.X\CoinMain.asm
                 LCDCover   0x00025e    program     static C:\Users\Julian Santos\MPLABXProjects\CoinAcceptorASM.X\CoinMain.asm
               LCDInsertC   0x000270    program     static C:\Users\Julian Santos\MPLABXProjects\CoinAcceptorASM.X\CoinMain.asm
              LCDNInsertC   0x000288    program     static C:\Users\Julian Santos\MPLABXProjects\CoinAcceptorASM.X\CoinMain.asm
                  LCDBank   0x0002a0    program     static C:\Users\Julian Santos\MPLABXProjects\CoinAcceptorASM.X\CoinMain.asm
                     LCD1   0x0002ce    program     static C:\Users\Julian Santos\MPLABXProjects\CoinAcceptorASM.X\CoinMain.asm
                  initccp   0x0002dc    program     static C:\Users\Julian Santos\MPLABXProjects\CoinAcceptorASM.X\CoinMain.asm
                   CCPISR   0x0002f2    program     static C:\Users\Julian Santos\MPLABXProjects\CoinAcceptorASM.X\CoinMain.asm
                     S500   0x00030c    program     static C:\Users\Julian Santos\MPLABXProjects\CoinAcceptorASM.X\CoinMain.asm
                     S200   0x00031c    program     static C:\Users\Julian Santos\MPLABXProjects\CoinAcceptorASM.X\CoinMain.asm
                setbutton   0x00032c    program     static C:\Users\Julian Santos\MPLABXProjects\CoinAcceptorASM.X\CoinMain.asm
                delay10ms   0x000332    program     static C:\Users\Julian Santos\MPLABXProjects\CoinAcceptorASM.X\CoinMain.asm
                       d0   0x000336    program     static C:\Users\Julian Santos\MPLABXProjects\CoinAcceptorASM.X\CoinMain.asm
                       d1   0x00033c    program     static C:\Users\Julian Santos\MPLABXProjects\CoinAcceptorASM.X\CoinMain.asm
                delayW0ms   0x000346    program     static C:\Users\Julian Santos\MPLABXProjects\CoinAcceptorASM.X\CoinMain.asm
                       d2   0x000348    program     static C:\Users\Julian Santos\MPLABXProjects\CoinAcceptorASM.X\CoinMain.asm
                   ctrlcd   0x000500    program     static C:\Users\Julian Santos\MPLABXProjects\CoinAcceptorASM.X\CoinMain.asm
                     msg1   0x000506    program     static C:\Users\Julian Santos\MPLABXProjects\CoinAcceptorASM.X\CoinMain.asm
                     msg2   0x00051c    program     static C:\Users\Julian Santos\MPLABXProjects\CoinAcceptorASM.X\CoinMain.asm
                     msg3   0x000532    program     static C:\Users\Julian Santos\MPLABXProjects\CoinAcceptorASM.X\CoinMain.asm
                     msg4   0x000548    program     static C:\Users\Julian Santos\MPLABXProjects\CoinAcceptorASM.X\CoinMain.asm
                     msg5   0x00055e    program     static C:\Users\Julian Santos\MPLABXProjects\CoinAcceptorASM.X\CoinMain.asm
                     msg6   0x000574    program     static C:\Users\Julian Santos\MPLABXProjects\CoinAcceptorASM.X\CoinMain.asm
                    ncoin   0x000588    program     static C:\Users\Julian Santos\MPLABXProjects\CoinAcceptorASM.X\CoinMain.asm
                     msg7   0x000594    program     static C:\Users\Julian Santos\MPLABXProjects\CoinAcceptorASM.X\CoinMain.asm


